04-07 04:31:24.622  7174  7750 D BLASTBufferQueue: [VRI[Launcher,type=4]#14](f:0,a:1) acquireNextBufferLocked size=1080x2400 mFrameNumber=1 applyTransaction=true mTimestamp=550453382967270(auto) mPendingTransactions.size=0 graphicBufferId=30812095381609 transform=0
04-07 04:31:24.693 31066 31066 D BoundBrokerSvc: onUnbind: Intent { act=com.google.android.gms.auth.aang.events.services.START dat=chimera-action:/... xflg=0x4 cmp=com.google.android.gms/.chimera.PersistentApiService }
04-07 04:31:24.714 19858 19858 V InputMethod: startInput(): editor=android.view.inputmethod.EditorInfo@4ef3db
04-07 04:31:24.714 19858 19858 V InputMethodService: CALL: doFinishInput
04-07 04:31:24.714 19858 19858 D InlineSuggestionSessionController: notifyOnFinishInput
04-07 04:31:24.714 19858 19858 V InputMethodService: CALL: onFinishInput
04-07 04:31:24.714 19858 19858 I GoogleInputMethodService: GoogleInputMethodService.onFinishInput():2159 
04-07 04:31:24.714 19858 19858 I Module  : DeviceLockedStatusModuleProvider$Module.updateDeviceLockedStatus():103 repeatCheckTimes = 0, locked = false
04-07 04:31:24.715 19858 19858 V InputMethodService: finishStylusHandwriting()
04-07 04:31:24.715 19858 19858 D InlineSuggestionSessionController: notifyOnStartInput: com.android.launcher3, 0
04-07 04:31:24.715 19858 19858 V InputMethodService: CALL: onStartInput
04-07 04:31:24.715 19858 19858 I GoogleInputMethodService: GoogleInputMethodService.onStartInput():1434 onStartInput(EditorInfo{EditorInfo{packageName=com.android.launcher3, inputType=0, inputTypeString=NULL, enableLearning=false, autoCorrection=false, autoComplete=false, imeOptions=0, privateImeOptions=null, actionName=UNSPECIFIED, actionLabel=null, initialSelStart=-1, initialSelEnd=-1, initialCapsMode=0, label=null, fieldId=0, fieldName=null, extras=null, hintText=null, hintLocales=[]}}, false)
04-07 04:31:24.715 19858 19858 I AndroidIME: LatinIMEBase.updateInputViewCoverNavigation():312 Update input view padding, isNavbarOverInputWindow=true, bottom inset=132
04-07 04:31:24.715 19858 19858 I Module  : DeviceLockedStatusModuleProvider$Module.updateDeviceLockedStatus():103 repeatCheckTimes = 1, locked = false
04-07 04:31:24.783 21859 21859 I wpa_supplicant: Iface already exists, return existing
04-07 04:31:25.701 31066  5737 I NearbyMediums: No BLE Fast/GATT advertisements found in the latest cycle.
04-07 04:31:25.701 31066  5737 I NearbyMediums: Current Tracked Scanning Clients are : {NearbyConnections.EnvironmentMonitor, NearbySharing}
04-07 04:31:25.791 21859 21859 I wpa_supplicant: Iface already exists, return existing
04-07 04:31:26.336  7554  7557 W .gms.persistent: Missing inline cache for iqbs bgaf.b(android.content.Context, byte[], int[], java.lang.String[], int[], byte[][], com.google.android.gms.phenotype.ExperimentTokens[], boolean, java.lang.String[], java.lang.String, boolean, java.lang.String, double, ewxz, bfzp)
04-07 04:31:26.337  7554  7557 W .gms.persistent: Missing inline cache for iqbs bgaf.b(android.content.Context, byte[], int[], java.lang.String[], int[], byte[][], com.google.android.gms.phenotype.ExperimentTokens[], boolean, java.lang.String[], java.lang.String, boolean, java.lang.String, double, ewxz, bfzp)
04-07 04:31:26.337  7554  7557 W .gms.persistent: Missing inline cache for iqbs bgaf.b(android.content.Context, byte[], int[], java.lang.String[], int[], byte[][], com.google.android.gms.phenotype.ExperimentTokens[], boolean, java.lang.String[], java.lang.String, boolean, java.lang.String, double, ewxz, bfzp)
04-07 04:31:26.339  7554  7557 W .gms.persistent: Missing inline cache for iqbs bgaf.b(android.content.Context, byte[], int[], java.lang.String[], int[], byte[][], com.google.android.gms.phenotype.ExperimentTokens[], boolean, java.lang.String[], java.lang.String, boolean, java.lang.String, double, ewxz, bfzp)
04-07 04:31:26.340  7554  7557 W .gms.persistent: Missing inline cache for iqbs bgaf.b(android.content.Context, byte[], int[], java.lang.String[], int[], byte[][], com.google.android.gms.phenotype.ExperimentTokens[], boolean, java.lang.String[], java.lang.String, boolean, java.lang.String, double, ewxz, bfzp)
04-07 04:31:26.340  7554  7557 W .gms.persistent: Missing inline cache for iqbs bgaf.b(android.content.Context, byte[], int[], java.lang.String[], int[], byte[][], com.google.android.gms.phenotype.ExperimentTokens[], boolean, java.lang.String[], java.lang.String, boolean, java.lang.String, double, ewxz, bfzp)
04-07 04:31:26.845 21859 21859 I wpa_supplicant: Iface already exists, return existing
04-07 04:31:26.937  1883  4500 D BatteryStatsService: noteFpsPipe  : POWER_ID_FPS_PIPE initFps=2,fpsPipe=15
04-07 04:31:27.902 21859 21859 I wpa_supplicant: Iface already exists, return existing
04-07 04:31:28.017 19858 20442 I PhenotypeProcessReaper: Memory state is: 200
04-07 04:31:28.464  1883  3610 D BatteryStatsService: noteFpsPipe  : POWER_ID_FPS_PIPE initFps=2,fpsPipe=2
04-07 04:31:28.956 21859 21859 I wpa_supplicant: Iface already exists, return existing
04-07 04:31:29.001 14773 14876 I Finsky  : [1424] AIM: AppInfoManager-Perf > Destroying AppInfoManager ...
04-07 04:31:30.022 21859 21859 I wpa_supplicant: Iface already exists, return existing
04-07 04:31:30.042  1883  4525 D BatteryStatsService: noteFpsPipe  : POWER_ID_FPS_PIPE initFps=2,fpsPipe=1
04-07 04:31:30.639 30311  9423 D BluetoothAdapter: 147919228: getState(). Returning ON
04-07 04:31:31.056 21859 21859 I wpa_supplicant: Iface already exists, return existing
04-07 04:31:31.085  1883  3610 D BatteryStatsService: noteFpsPipe  : POWER_ID_FPS_PIPE initFps=2,fpsPipe=2
04-07 04:31:32.133 21859 21859 I wpa_supplicant: Iface already exists, return existing
04-07 04:31:33.185 21859 21859 I wpa_supplicant: Iface already exists, return existing
04-07 04:31:33.313  1883  3610 D BatteryStatsService: noteFpsPipe  : POWER_ID_FPS_PIPE initFps=2,fpsPipe=1
04-07 04:31:34.241 21859 21859 I wpa_supplicant: Iface already exists, return existing
04-07 04:31:35.293 21859 21859 I wpa_supplicant: Iface already exists, return existing
04-07 04:31:35.704 31066  5737 I NearbyMediums: No BLE Fast/GATT advertisements found in the latest cycle.
04-07 04:31:35.704 31066  5737 I NearbyMediums: Current Tracked Scanning Clients are : {NearbyConnections.EnvironmentMonitor, NearbySharing}
04-07 04:31:36.341 21859 21859 I wpa_supplicant: Iface already exists, return existing
04-07 04:31:36.344  1883  3610 D BatteryStatsService: noteFpsPipe  : POWER_ID_FPS_PIPE initFps=2,fpsPipe=1
04-07 04:31:37.395 21859 21859 I wpa_supplicant: Iface already exists, return existing
04-07 04:31:37.680  9728  9789 I Process : Sending signal. PID: 9728 SIG: 9
04-07 04:31:38.450 21859 21859 I wpa_supplicant: Iface already exists, return existing
04-07 04:31:38.480  1883  4500 D BatteryStatsService: noteFpsPipe  : POWER_ID_FPS_PIPE initFps=2,fpsPipe=1
04-07 04:31:39.501 21859 21859 I wpa_supplicant: Iface already exists, return existing
04-07 04:31:39.528  1883  4500 D BatteryStatsService: noteFpsPipe  : POWER_ID_FPS_PIPE initFps=2,fpsPipe=2
04-07 04:31:40.557 21859 21859 I wpa_supplicant: Iface already exists, return existing
04-07 04:31:41.629 21859 21859 I wpa_supplicant: Iface already exists, return existing
04-07 04:31:42.391  1883  4500 D BatteryStatsService: noteFpsPipe  : POWER_ID_FPS_PIPE initFps=2,fpsPipe=1
04-07 04:31:42.691 21859 21859 I wpa_supplicant: Iface already exists, return existing
04-07 04:31:43.754 21859 21859 I wpa_supplicant: Iface already exists, return existing
04-07 04:31:43.790  1883  4500 D BatteryStatsService: noteFpsPipe  : POWER_ID_FPS_PIPE initFps=2,fpsPipe=1
04-07 04:31:44.701 31066 10867 I CastDatabase: Saving the database
04-07 04:31:44.725 31066 10867 I SQLiteCastStore: [CastNetworkInfo] saved: 1, skipped: 0, [CastDeviceInfo]: saved 1, skipped 0, [ProbedNetworks]: saved 0, skipped: 0, [ProbedSocketAddress]: saved 1, skipped: 0, [Network-Device pairs]: saved: 1
04-07 04:31:44.786 21859 21859 I wpa_supplicant: Iface already exists, return existing
04-07 04:31:45.405  1883  4500 D BatteryStatsService: noteFpsPipe  : POWER_ID_FPS_PIPE initFps=2,fpsPipe=1
04-07 04:31:45.707 31066  5737 I NearbyMediums: No BLE Fast/GATT advertisements found in the latest cycle.
04-07 04:31:45.707 31066  5737 I NearbyMediums: Current Tracked Scanning Clients are : {NearbyConnections.EnvironmentMonitor, NearbySharing}
04-07 04:31:45.845 21859 21859 I wpa_supplicant: Iface already exists, return existing
04-07 04:31:46.893 21859 21859 I wpa_supplicant: Iface already exists, return existing
04-07 04:31:46.925  1883  4500 D BatteryStatsService: noteFpsPipe  : POWER_ID_FPS_PIPE initFps=2,fpsPipe=2
04-07 04:31:47.939 21859 21859 I wpa_supplicant: Iface already exists, return existing
04-07 04:31:47.976  1883  4500 D BatteryStatsService: noteFpsPipe  : POWER_ID_FPS_PIPE initFps=2,fpsPipe=1
04-07 04:31:48.996 21859 21859 I wpa_supplicant: Iface already exists, return existing
04-07 04:31:50.056 21859 21859 I wpa_supplicant: Iface already exists, return existing
04-07 04:31:51.095 21859 21859 I wpa_supplicant: Iface already exists, return existing
04-07 04:31:51.459  1883  4500 D BatteryStatsService: noteFpsPipe  : POWER_ID_FPS_PIPE initFps=2,fpsPipe=2
04-07 04:31:52.145 21859 21859 I wpa_supplicant: Iface already exists, return existing
04-07 04:31:53.218 21859 21859 I wpa_supplicant: Iface already exists, return existing
04-07 04:31:54.279 21859 21859 I wpa_supplicant: Iface already exists, return existing
04-07 04:31:55.010 31066  5737 I FusedLocation: (REDACTED) location delivery to %s blocked - too close
04-07 04:31:55.012 31066  5737 I FusedLocation: (REDACTED) location delivery to %s blocked - too close
04-07 04:31:55.014 31066  5737 I FusedLocation: (REDACTED) location delivery to %s blocked - too close
04-07 04:31:55.015 31066  5737 I FusedLocation: (REDACTED) location delivery to %s blocked - too close
04-07 04:31:55.067 31066 31066 D BoundBrokerSvc: onRebind: Intent { act=com.google.android.gms.auth.aang.events.services.START dat=chimera-action:/... xflg=0x4 cmp=com.google.android.gms/.chimera.PersistentApiService }
04-07 04:31:55.176 31066 10707 I TFLite-in-PlayServices: Created interpreter.
04-07 04:31:55.189 31066 10707 I TFLite-in-PlayServices: Created interpreter.
04-07 04:31:55.205 31066 10707 I SemanticLocation: (REDACTED) [Inferrer] %s%s
04-07 04:31:55.237 31066 10707 I SemanticLocation: (REDACTED) [OdlhCache] flushing %d segments
04-07 04:31:55.270 31066 10707 I TFLite-in-PlayServices: Created interpreter.
04-07 04:31:55.276 31066 10707 I TFLite-in-PlayServices: Created interpreter.
04-07 04:31:55.281 31066 10707 I SemanticLocation: (REDACTED) [Inferrer] %s%s
04-07 04:31:55.291 31066 31066 D BoundBrokerSvc: onRebind: Intent { act=com.google.android.gms.libs.gmscorelogger.service.START dat=chimera-action:/... xflg=0x4 cmp=com.google.android.gms/.chimera.PersistentDirectBootAwareApiService }
04-07 04:31:55.301 31066 10707 I SemanticLocation: (REDACTED) [OdlhCache] flushing %d segments
04-07 04:31:55.306 21859 21859 I wpa_supplicant: Iface already exists, return existing
04-07 04:31:55.709 31066  6457 I NearbyMediums: No BLE Fast/GATT advertisements found in the latest cycle.
04-07 04:31:55.710 31066  6457 I NearbyMediums: Current Tracked Scanning Clients are : {NearbyConnections.EnvironmentMonitor, NearbySharing}
04-07 04:31:56.369 21859 21859 I wpa_supplicant: Iface already exists, return existing
04-07 04:31:57.436 21859 21859 I wpa_supplicant: Iface already exists, return existing
04-07 04:31:57.469  1883  4525 D BatteryStatsService: noteFpsPipe  : POWER_ID_FPS_PIPE initFps=2,fpsPipe=1
